bun test v1.3.14 (0d9b296a)

modules/deploy/ui/step-source.test.tsx:
DEBUG: templateFilter = ""
DEBUG: filtered count = 3
(pass) StepSource > renders source fields and organization choices [51.26ms]
DEBUG: templateFilter = ""
DEBUG: filtered count = 3
(pass) StepSource > renders selected source state and custom root directory [17.28ms]
DEBUG: templateFilter = ""
DEBUG: filtered count = 3
DEBUG: templateFilter = ""
DEBUG: filtered count = 3
(pass) StepSource > shows empty search states for owners and repositories [11.38ms]
DEBUG: templateFilter = ""
DEBUG: filtered count = 3
(pass) StepSource > shows connected notice and starts GitHub connect action [8.24ms]
DEBUG: templateFilter = ""
DEBUG: filtered count = 3
(pass) StepSource > shows connection failure error banner [4.21ms]
DEBUG: templateFilter = ""
DEBUG: filtered count = 3
(pass) StepSource > shows owner and repository loading errors [4.00ms]
DEBUG: templateFilter = ""
DEBUG: filtered count = 3
(pass) StepSource > shows loading indicators while owners and repositories are loading [4.01ms]
DEBUG: templateFilter = ""
DEBUG: filtered count = 3
FULL CONTAINER HTML: <div data-slot="card" data-size="default" class="group/card flex flex-col gap-4 overflow-hidden rounded-lg py-5 text-sm/relaxed text-card-foreground ring-1 ring-border has-data-[slot=card-footer]:pb-0 has-[>img:first-child]:pt-0 data-[size=sm]:gap-2 data-[size=sm]:py-4 data-[size=sm]:has-data-[slot=card-footer]:pb-0 *:[img:first-child]:rounded-t-lg *:[img:last-child]:rounded-b-lg border border-border bg-card shadow-sm"><div data-slot="card-header" class="group/card-header @container/card-header grid auto-rows-min items-start gap-1.5 px-5 group-data-[size=sm]/card:px-4 has-data-[slot=card-action]:grid-cols-[1fr_auto] has-data-[slot=card-description]:grid-rows-[auto_auto] [.border-b]:pb-4 group-data-[size=sm]/card:[.border-b]:pb-3"><div data-slot="card-title" class="font-heading group-data-[size=sm]/card:text-sm text-xl font-bold">Deploy Source</div><div data-slot="card-description" class="text-sm/relaxed text-muted-foreground">Choose a pre-configured template to deploy instantly, or connect your GitHub account.</div></div><div data-slot="card-content" class="px-5 group-data-[size=sm]/card:px-4 space-y-6"><div dir="ltr" data-orientation="horizontal" data-slot="tabs" class="group/tabs flex gap-2 data-[orientation=horizontal]:flex-col w-full"><div role="tablist" aria-orientation="horizontal" data-slot="tabs-list" data-variant="default" class="group/tabs-list items-center justify-center text-muted-foreground group-data-[orientation=horizontal]/tabs:h-8 group-data-[orientation=vertical]/tabs:h-fit group-data-[orientation=vertical]/tabs:flex-col data-[variant=line]:rounded-none grid w-full grid-cols-2 p-1 bg-muted/50 rounded-lg" tabindex="0" data-orientation="horizontal" style="outline-color: none; outline-style: none; outline-width: initial;"><button type="button" role="tab" aria-selected="false" aria-controls="radix-_r_o_-content-github" data-state="inactive" id="radix-_r_o_-trigger-github" data-slot="tabs-trigger" class="relative inline-flex h-[calc(100%-1px)] flex-1 items-center justify-center gap-1.5 border border-transparent px-1.5 whitespace-nowrap text-foreground/60 group-data-[orientation=vertical]/tabs:w-full group-data-[orientation=vertical]/tabs:justify-start group-data-[orientation=vertical]/tabs:py-[calc(--spacing(1.25))] hover:text-foreground focus-visible:border-ring focus-visible:ring-[3px] focus-visible:ring-ring/50 focus-visible:outline-1 focus-visible:outline-ring disabled:pointer-events-none disabled:opacity-50 has-data-[icon=inline-end]:pr-1 has-data-[icon=inline-start]:pl-1 dark:text-muted-foreground dark:hover:text-foreground [&amp;_svg]:pointer-events-none [&amp;_svg]:shrink-0 [&amp;_svg:not([class*='size-'])]:size-4 group-data-[variant=line]/tabs-list:bg-transparent group-data-[variant=line]/tabs-list:data-[state=active]:bg-transparent dark:group-data-[variant=line]/tabs-list:data-[state=active]:border-transparent dark:group-data-[variant=line]/tabs-list:data-[state=active]:bg-transparent data-[state=active]:text-foreground dark:data-[state=active]:border-input dark:data-[state=active]:bg-input/30 dark:data-[state=active]:text-foreground after:absolute after:bg-foreground after:opacity-0 after:transition-opacity group-data-[orientation=horizontal]/tabs:after:inset-x-0 group-data-[orientation=horizontal]/tabs:after:bottom-[-5px] group-data-[orientation=horizontal]/tabs:after:h-0.5 group-data-[orientation=vertical]/tabs:after:inset-y-0 group-data-[orientation=vertical]/tabs:after:-right-1 group-data-[orientation=vertical]/tabs:after:w-0.5 group-data-[variant=line]/tabs-list:data-[state=active]:after:opacity-100 py-2.5 text-sm font-medium transition-all rounded-md data-[state=active]:bg-background data-[state=active]:shadow-sm" tabindex="-1" data-orientation="horizontal" data-radix-collection-item=""><svg xmlns="http://www.w3.org/2000/svg" width="1em" height="1em" fill="currentColor" viewBox="0 0 256 256" class="w-4 h-4 mr-2"><path d="M208.31,75.68A59.78,59.78,0,0,0,202.93,28,8,8,0,0,0,196,24a59.75,59.75,0,0,0-48,24H124A59.75,59.75,0,0,0,76,24a8,8,0,0,0-6.93,4,59.78,59.78,0,0,0-5.38,47.68A58.14,58.14,0,0,0,56,104v8a56.06,56.06,0,0,0,48.44,55.47A39.8,39.8,0,0,0,96,192v8H72a24,24,0,0,1-24-24A40,40,0,0,0,8,136a8,8,0,0,0,0,16,24,24,0,0,1,24,24,40,40,0,0,0,40,40H96v16a8,8,0,0,0,16,0V192a24,24,0,0,1,48,0v40a8,8,0,0,0,16,0V192a39.8,39.8,0,0,0-8.44-24.53A56.06,56.06,0,0,0,216,112v-8A58.14,58.14,0,0,0,208.31,75.68ZM200,112a40,40,0,0,1-40,40H112a40,40,0,0,1-40-40v-8a41.74,41.74,0,0,1,6.9-22.48A8,8,0,0,0,80,73.83a43.81,43.81,0,0,1,.79-33.58,43.88,43.88,0,0,1,32.32,20.06A8,8,0,0,0,119.82,64h32.35a8,8,0,0,0,6.74-3.69,43.87,43.87,0,0,1,32.32-20.06A43.81,43.81,0,0,1,192,73.83a8.09,8.09,0,0,0,1,7.65A41.72,41.72,0,0,1,200,104Z"></path></svg>GitHub Repository</button><button type="button" role="tab" aria-selected="true" aria-controls="radix-_r_o_-content-template" data-state="active" id="radix-_r_o_-trigger-template" data-slot="tabs-trigger" class="relative inline-flex h-[calc(100%-1px)] flex-1 items-center justify-center gap-1.5 border border-transparent px-1.5 whitespace-nowrap text-foreground/60 group-data-[orientation=vertical]/tabs:w-full group-data-[orientation=vertical]/tabs:justify-start group-data-[orientation=vertical]/tabs:py-[calc(--spacing(1.25))] hover:text-foreground focus-visible:border-ring focus-visible:ring-[3px] focus-visible:ring-ring/50 focus-visible:outline-1 focus-visible:outline-ring disabled:pointer-events-none disabled:opacity-50 has-data-[icon=inline-end]:pr-1 has-data-[icon=inline-start]:pl-1 dark:text-muted-foreground dark:hover:text-foreground [&amp;_svg]:pointer-events-none [&amp;_svg]:shrink-0 [&amp;_svg:not([class*='size-'])]:size-4 group-data-[variant=line]/tabs-list:bg-transparent group-data-[variant=line]/tabs-list:data-[state=active]:bg-transparent dark:group-data-[variant=line]/tabs-list:data-[state=active]:border-transparent dark:group-data-[variant=line]/tabs-list:data-[state=active]:bg-transparent data-[state=active]:text-foreground dark:data-[state=active]:border-input dark:data-[state=active]:bg-input/30 dark:data-[state=active]:text-foreground after:absolute after:bg-foreground after:opacity-0 after:transition-opacity group-data-[orientation=horizontal]/tabs:after:inset-x-0 group-data-[orientation=horizontal]/tabs:after:bottom-[-5px] group-data-[orientation=horizontal]/tabs:after:h-0.5 group-data-[orientation=vertical]/tabs:after:inset-y-0 group-data-[orientation=vertical]/tabs:after:-right-1 group-data-[orientation=vertical]/tabs:after:w-0.5 group-data-[variant=line]/tabs-list:data-[state=active]:after:opacity-100 py-2.5 text-sm font-medium transition-all rounded-md data-[state=active]:bg-background data-[state=active]:shadow-sm" tabindex="-1" data-orientation="horizontal" data-radix-collection-item=""><svg xmlns="http://www.w3.org/2000/svg" width="1em" height="1em" fill="currentColor" viewBox="0 0 256 256" class="w-4 h-4 mr-2"><path d="M181.66,146.34a8,8,0,0,1,0,11.32l-24,24a8,8,0,0,1-11.32-11.32L164.69,152l-18.35-18.34a8,8,0,0,1,11.32-11.32Zm-72-24a8,8,0,0,0-11.32,0l-24,24a8,8,0,0,0,0,11.32l24,24a8,8,0,0,0,11.32-11.32L91.31,152l18.35-18.34A8,8,0,0,0,109.66,122.34ZM216,88V216a16,16,0,0,1-16,16H56a16,16,0,0,1-16-16V40A16,16,0,0,1,56,24h96a8,8,0,0,1,5.66,2.34l56,56A8,8,0,0,1,216,88Zm-56-8h28.69L160,51.31Zm40,136V96H152a8,8,0,0,1-8-8V40H56V216H200Z"></path></svg>Instant Templates</button></div><div data-state="inactive" data-orientation="horizontal" role="tabpanel" aria-labelledby="radix-_r_o_-trigger-github" hidden="" id="radix-_r_o_-content-github" tabindex="0" data-slot="tabs-content" class="flex-1 text-xs/relaxed outline-none space-y-6 pt-4 focus-visible:outline-none"></div><div data-state="active" data-orientation="horizontal" role="tabpanel" aria-labelledby="radix-_r_o_-trigger-template" id="radix-_r_o_-content-template" tabindex="0" data-slot="tabs-content" class="flex-1 text-xs/relaxed outline-none space-y-4 pt-4 focus-visible:outline-none" style="animation-duration: 0s;"><div class="flex items-center justify-between gap-4"><label class="text-xs font-semibold uppercase tracking-wider text-muted-foreground">Select Instant Template</label><div class="relative w-full max-w-xs"><svg xmlns="http://www.w3.org/2000/svg" width="1em" height="1em" fill="currentColor" viewBox="0 0 256 256" class="absolute left-3 top-2.5 w-4 h-4 text-muted-foreground"><path d="M229.66,218.34l-50.07-50.06a88.11,88.11,0,1,0-11.31,11.31l50.06,50.07a8,8,0,0,0,11.32-11.32ZM40,112a72,72,0,1,1,72,72A72.08,72.08,0,0,1,40,112Z"></path></svg><input data-slot="input" class="w-full min-w-0 rounded-md border border-input bg-transparent px-3 py-1 transition-colors outline-none file:inline-flex file:h-7 file:border-0 file:bg-transparent file:text-sm file:font-medium file:text-foreground placeholder:text-muted-foreground focus-visible:border-ring focus-visible:ring-1 focus-visible:ring-ring/50 disabled:pointer-events-none disabled:cursor-not-allowed disabled:bg-input/50 disabled:opacity-50 aria-invalid:border-destructive aria-invalid:ring-1 aria-invalid:ring-destructive/20 md:text-sm dark:bg-input/30 dark:disabled:bg-input/80 dark:aria-invalid:border-destructive/50 dark:aria-invalid:ring-destructive/40 pl-9 h-9 text-xs" placeholder="Search templates..." value=""></div></div><div class="flex flex-col sm:flex-row sm:items-center justify-between gap-3 border-b border-border/60 pb-3"><div class="flex flex-wrap gap-1.5"><button type="button" class="px-3 py-1.5 rounded-lg text-[11px] transition-all shadow-sm cursor-pointer bg-primary text-primary-foreground font-semibold">All</button><button type="button" class="px-3 py-1.5 rounded-lg text-[11px] font-medium transition-all shadow-sm cursor-pointer bg-muted/40 hover:bg-muted/70 text-muted-foreground hover:text-foreground border border-border/50">Websites</button><button type="button" class="px-3 py-1.5 rounded-lg text-[11px] font-medium transition-all shadow-sm cursor-pointer bg-muted/40 hover:bg-muted/70 text-muted-foreground hover:text-foreground border border-border/50">Automation</button><button type="button" class="px-3 py-1.5 rounded-lg text-[11px] font-medium transition-all shadow-sm cursor-pointer bg-muted/40 hover:bg-muted/70 text-muted-foreground hover:text-foreground border border-border/50">Developer Tools</button></div><div class="flex items-center gap-1.5 self-end sm:self-auto"><button type="button" class="p-1.5 rounded-lg border transition-all cursor-pointer bg-primary/5 text-primary border-primary/30" title="Grid View"><svg xmlns="http://www.w3.org/2000/svg" width="1em" height="1em" fill="currentColor" viewBox="0 0 256 256" class="w-4 h-4"><path d="M104,40H56A16,16,0,0,0,40,56v48a16,16,0,0,0,16,16h48a16,16,0,0,0,16-16V56A16,16,0,0,0,104,40Zm0,64H56V56h48v48Zm96-64H152a16,16,0,0,0-16,16v48a16,16,0,0,0,16,16h48a16,16,0,0,0,16-16V56A16,16,0,0,0,200,40Zm0,64H152V56h48v48Zm-96,32H56a16,16,0,0,0-16,16v48a16,16,0,0,0,16,16h48a16,16,0,0,0,16-16V152A16,16,0,0,0,104,136Zm0,64H56V152h48v48Zm96-64H152a16,16,0,0,0-16,16v48a16,16,0,0,0,16,16h48a16,16,0,0,0,16-16V152A16,16,0,0,0,200,136Zm0,64H152V152h48v48Z"></path></svg></button><button type="button" class="p-1.5 rounded-lg border transition-all cursor-pointer bg-background text-muted-foreground border-border hover:bg-muted/40" title="List View"><svg xmlns="http://www.w3.org/2000/svg" width="1em" height="1em" fill="currentColor" viewBox="0 0 256 256" class="w-4 h-4"><path d="M224,128a8,8,0,0,1-8,8H40a8,8,0,0,1,0-16H216A8,8,0,0,1,224,128ZM40,72H216a8,8,0,0,0,0-16H40a8,8,0,0,0,0,16ZM216,184H40a8,8,0,0,0,0,16H216a8,8,0,0,0,0-16Z"></path></svg></button></div></div><div class="max-h-[380px] overflow-y-auto pr-1.5 scrollbar-thin"><div class="grid gap-4 sm:grid-cols-3 pb-2"><button type="button" class="group flex flex-col justify-between items-start text-left rounded-xl border p-5 transition-all duration-300 relative shadow-sm hover:shadow-md cursor-pointer border-primary bg-primary/[0.02] ring-2 ring-primary/20 scale-[1.02]"><div class="w-full space-y-3"><div class="flex justify-between items-start w-full"><div class="p-2 rounded-xl bg-muted/40 border border-border group-hover:bg-background transition-colors"><div class="relative flex items-center justify-center shrink-0 h-10 w-10"><div class="absolute w-[84%] h-[84%] bg-white rounded-full"></div><div class="h-full w-full text-[#21759b] relative z-10 shrink-0" data-testid="si-wordpress">WordPress Icon</div></div></div><span class="p-1 rounded-full bg-emerald-500/10 text-emerald-600 border border-emerald-500/20"><svg xmlns="http://www.w3.org/2000/svg" width="1em" height="1em" fill="currentColor" viewBox="0 0 256 256" class="w-3.5 h-3.5"><path d="M229.66,77.66l-128,128a8,8,0,0,1-11.32,0l-56-56a8,8,0,0,1,11.32-11.32L96,188.69,218.34,66.34a8,8,0,0,1,11.32,11.32Z"></path></svg></span></div><div><h4 class="font-bold text-foreground group-hover:text-primary transition-colors text-sm">WordPress</h4><span class="inline-flex text-[9px] font-semibold tracking-wider text-muted-foreground uppercase bg-muted/60 px-1.5 py-0.5 rounded mt-1">Docker</span><p class="text-xs text-muted-foreground mt-2 line-clamp-3 leading-relaxed">The world's most popular website builder.</p></div></div><div class="w-full mt-5 border-t border-border/80 pt-4 space-y-2"><span class="text-[10px] uppercase font-bold text-muted-foreground tracking-wider block">Min Requirements</span><div class="grid grid-cols-2 gap-2 text-xs"><div class="flex items-center gap-1.5 text-muted-foreground"><svg xmlns="http://www.w3.org/2000/svg" width="1em" height="1em" fill="currentColor" viewBox="0 0 256 256" class="w-3.5 h-3.5 shrink-0 text-muted-foreground/75"><path d="M152,96H104a8,8,0,0,0-8,8v48a8,8,0,0,0,8,8h48a8,8,0,0,0,8-8V104A8,8,0,0,0,152,96Zm-8,48H112V112h32Zm88,0H216V112h16a8,8,0,0,0,0-16H216V56a16,16,0,0,0-16-16H160V24a8,8,0,0,0-16,0V40H112V24a8,8,0,0,0-16,0V40H56A16,16,0,0,0,40,56V96H24a8,8,0,0,0,0,16H40v32H24a8,8,0,0,0,0,16H40v40a16,16,0,0,0,16,16H96v16a8,8,0,0,0,16,0V216h32v16a8,8,0,0,0,16,0V216h40a16,16,0,0,0,16-16V160h16a8,8,0,0,0,0-16Zm-32,56H56V56H200v95.87s0,.09,0,.13,0,.09,0,.13V200Z"></path></svg><span class="font-medium text-foreground text-[11px]">0.5 vCPU</span></div><div class="flex items-center gap-1.5 text-muted-foreground"><svg xmlns="http://www.w3.org/2000/svg" width="1em" height="1em" fill="currentColor" viewBox="0 0 256 256" class="w-3.5 h-3.5 shrink-0 text-muted-foreground/75"><path d="M224,64H32A16,16,0,0,0,16,80v96a16,16,0,0,0,16,16H224a16,16,0,0,0,16-16V80A16,16,0,0,0,224,64Zm0,112H32V80H224v96Zm-24-48a12,12,0,1,1-12-12A12,12,0,0,1,200,128Z"></path></svg><span class="font-medium text-foreground text-[11px]">512 MB</span></div></div></div></button><button type="button" class="group flex flex-col justify-between items-start text-left rounded-xl border p-5 transition-all duration-300 relative bg-background shadow-sm hover:shadow-md cursor-pointer border-border hover:border-border/80 hover:bg-muted/[0.05]"><div class="w-full space-y-3"><div class="flex justify-between items-start w-full"><div class="p-2 rounded-xl bg-muted/40 border border-border group-hover:bg-background transition-colors"><div class="text-[#ff6d5a] shrink-0 h-10 w-10" data-testid="si-n8n">n8n Icon</div></div></div><div><h4 class="font-bold text-foreground group-hover:text-primary transition-colors text-sm">n8n</h4><span class="inline-flex text-[9px] font-semibold tracking-wider text-muted-foreground uppercase bg-muted/60 px-1.5 py-0.5 rounded mt-1">Docker</span><p class="text-xs text-muted-foreground mt-2 line-clamp-3 leading-relaxed">Workflow automation tool for developers.</p></div></div><div class="w-full mt-5 border-t border-border/80 pt-4 space-y-2"><span class="text-[10px] uppercase font-bold text-muted-foreground tracking-wider block">Min Requirements</span><div class="grid grid-cols-2 gap-2 text-xs"><div class="flex items-center gap-1.5 text-muted-foreground"><svg xmlns="http://www.w3.org/2000/svg" width="1em" height="1em" fill="currentColor" viewBox="0 0 256 256" class="w-3.5 h-3.5 shrink-0 text-muted-foreground/75"><path d="M152,96H104a8,8,0,0,0-8,8v48a8,8,0,0,0,8,8h48a8,8,0,0,0,8-8V104A8,8,0,0,0,152,96Zm-8,48H112V112h32Zm88,0H216V112h16a8,8,0,0,0,0-16H216V56a16,16,0,0,0-16-16H160V24a8,8,0,0,0-16,0V40H112V24a8,8,0,0,0-16,0V40H56A16,16,0,0,0,40,56V96H24a8,8,0,0,0,0,16H40v32H24a8,8,0,0,0,0,16H40v40a16,16,0,0,0,16,16H96v16a8,8,0,0,0,16,0V216h32v16a8,8,0,0,0,16,0V216h40a16,16,0,0,0,16-16V160h16a8,8,0,0,0,0-16Zm-32,56H56V56H200v95.87s0,.09,0,.13,0,.09,0,.13V200Z"></path></svg><span class="font-medium text-foreground text-[11px]">0.5 vCPU</span></div><div class="flex items-center gap-1.5 text-muted-foreground"><svg xmlns="http://www.w3.org/2000/svg" width="1em" height="1em" fill="currentColor" viewBox="0 0 256 256" class="w-3.5 h-3.5 shrink-0 text-muted-foreground/75"><path d="M224,64H32A16,16,0,0,0,16,80v96a16,16,0,0,0,16,16H224a16,16,0,0,0,16-16V80A16,16,0,0,0,224,64Zm0,112H32V80H224v96Zm-24-48a12,12,0,1,1-12-12A12,12,0,0,1,200,128Z"></path></svg><span class="font-medium text-foreground text-[11px]">1 GB</span></div></div></div></button><button type="button" class="group flex flex-col justify-between items-start text-left rounded-xl border p-5 transition-all duration-300 relative bg-background shadow-sm hover:shadow-md cursor-pointer border-border hover:border-border/80 hover:bg-muted/[0.05]"><div class="w-full space-y-3"><div class="flex justify-between items-start w-full"><div class="p-2 rounded-xl bg-muted/40 border border-border group-hover:bg-background transition-colors"><div class="text-[#2496ed] shrink-0 h-10 w-10" data-testid="si-docker">Docker Icon</div></div></div><div><h4 class="font-bold text-foreground group-hover:text-primary transition-colors text-sm">OpenClaw</h4><span class="inline-flex text-[9px] font-semibold tracking-wider text-muted-foreground uppercase bg-muted/60 px-1.5 py-0.5 rounded mt-1">Docker</span><p class="text-xs text-muted-foreground mt-2 line-clamp-3 leading-relaxed">Open source crawler and data extraction platform.</p></div></div><div class="w-full mt-5 border-t border-border/80 pt-4 space-y-2"><span class="text-[10px] uppercase font-bold text-muted-foreground tracking-wider block">Min Requirements</span><div class="grid grid-cols-2 gap-2 text-xs"><div class="flex items-center gap-1.5 text-muted-foreground"><svg xmlns="http://www.w3.org/2000/svg" width="1em" height="1em" fill="currentColor" viewBox="0 0 256 256" class="w-3.5 h-3.5 shrink-0 text-muted-foreground/75"><path d="M152,96H104a8,8,0,0,0-8,8v48a8,8,0,0,0,8,8h48a8,8,0,0,0,8-8V104A8,8,0,0,0,152,96Zm-8,48H112V112h32Zm88,0H216V112h16a8,8,0,0,0,0-16H216V56a16,16,0,0,0-16-16H160V24a8,8,0,0,0-16,0V40H112V24a8,8,0,0,0-16,0V40H56A16,16,0,0,0,40,56V96H24a8,8,0,0,0,0,16H40v32H24a8,8,0,0,0,0,16H40v40a16,16,0,0,0,16,16H96v16a8,8,0,0,0,16,0V216h32v16a8,8,0,0,0,16,0V216h40a16,16,0,0,0,16-16V160h16a8,8,0,0,0,0-16Zm-32,56H56V56H200v95.87s0,.09,0,.13,0,.09,0,.13V200Z"></path></svg><span class="font-medium text-foreground text-[11px]">1.0 vCPU</span></div><div class="flex items-center gap-1.5 text-muted-foreground"><svg xmlns="http://www.w3.org/2000/svg" width="1em" height="1em" fill="currentColor" viewBox="0 0 256 256" class="w-3.5 h-3.5 shrink-0 text-muted-foreground/75"><path d="M224,64H32A16,16,0,0,0,16,80v96a16,16,0,0,0,16,16H224a16,16,0,0,0,16-16V80A16,16,0,0,0,224,64Zm0,112H32V80H224v96Zm-24-48a12,12,0,1,1-12-12A12,12,0,0,1,200,128Z"></path></svg><span class="font-medium text-foreground text-[11px]">2 GB</span></div></div></div></button></div></div></div></div></div><div class="flex items-center justify-between border-t border-border p-4 bg-muted/10 rounded-b-xl"><button data-slot="button" data-variant="outline" data-size="default" class="group/button inline-flex shrink-0 items-center justify-center rounded-md border bg-clip-padding whitespace-nowrap transition-all outline-none select-none focus-visible:border-ring focus-visible:ring-1 focus-visible:ring-ring/50 active:not-aria-[haspopup]:translate-y-px disabled:pointer-events-none disabled:opacity-50 aria-invalid:border-destructive aria-invalid:ring-1 aria-invalid:ring-destructive/20 dark:aria-invalid:border-destructive/50 dark:aria-invalid:ring-destructive/40 [&amp;_svg]:pointer-events-none [&amp;_svg]:shrink-0 [&amp;_svg:not([class*='size-'])]:size-4 bg-background hover:bg-muted hover:text-foreground aria-expanded:bg-muted aria-expanded:text-foreground dark:border-input dark:bg-input/30 dark:hover:bg-input/50 gap-1.5 has-data-[icon=inline-end]:pr-2 has-data-[icon=inline-start]:pl-2 border-border shadow-sm text-xs font-semibold px-4 h-9" type="button">Cancel</button><button data-slot="button" data-variant="default" data-size="default" class="group/button shrink-0 justify-center rounded-md border border-transparent bg-clip-padding whitespace-nowrap transition-all outline-none select-none focus-visible:border-ring focus-visible:ring-1 focus-visible:ring-ring/50 active:not-aria-[haspopup]:translate-y-px disabled:pointer-events-none disabled:opacity-50 aria-invalid:border-destructive aria-invalid:ring-1 aria-invalid:ring-destructive/20 dark:aria-invalid:border-destructive/50 dark:aria-invalid:ring-destructive/40 [&amp;_svg]:pointer-events-none [&amp;_svg]:shrink-0 [&amp;_svg:not([class*='size-'])]:size-4 [a]:hover:bg-primary/80 has-data-[icon=inline-end]:pr-2 has-data-[icon=inline-start]:pl-2 shadow-sm text-xs font-semibold px-4 h-9 flex items-center gap-1 bg-primary text-primary-foreground hover:bg-primary/90" type="button" disabled="">Next Step<svg xmlns="http://www.w3.org/2000/svg" width="1em" height="1em" fill="currentColor" viewBox="0 0 256 256" class="w-3.5 h-3.5"><path d="M221.66,133.66l-72,72a8,8,0,0,1-11.32-11.32L196.69,136H40a8,8,0,0,1,0-16H196.69L138.34,61.66a8,8,0,0,1,11.32-11.32l72,72A8,8,0,0,1,221.66,133.66Z"></path></svg></button></div></div>
INPUT OUTER HTML: <input data-slot="input" class="w-full min-w-0 rounded-md border border-input bg-transparent px-3 py-1 transition-colors outline-none file:inline-flex file:h-7 file:border-0 file:bg-transparent file:text-sm file:font-medium file:text-foreground placeholder:text-muted-foreground focus-visible:border-ring focus-visible:ring-1 focus-visible:ring-ring/50 disabled:pointer-events-none disabled:cursor-not-allowed disabled:bg-input/50 disabled:opacity-50 aria-invalid:border-destructive aria-invalid:ring-1 aria-invalid:ring-destructive/20 md:text-sm dark:bg-input/30 dark:disabled:bg-input/80 dark:aria-invalid:border-destructive/50 dark:aria-invalid:ring-destructive/40 pl-9 h-9 text-xs" placeholder="Search templates..." value="">
158 |   });
159 | }
160 | function waitForWrapper(callback, options) {
161 |   // create the error here so its stack trace is as close to the
162 |   // calling code as possible
163 |   const stackTraceError = new Error('STACK_TRACE_MESSAGE');
                                    ^
TestingLibraryElementError: Unable to find an element with the text: No templates match your search.. This could be because the text is broken up by multiple elements. In this case, you can provide a function for your text matcher to make your matcher more flexible.

Ignored nodes: comments, script, style
[36m<body>[39m
  [36m<div>[39m
    [36m<div[39m
      [33mclass[39m=[32m"group/card flex flex-col gap-4 overflow-hidden rounded-lg py-5 text-sm/relaxed text-card-foreground ring-1 ring-border has-data-[slot=card-footer]:pb-0 has-[>img:first-child]:pt-0 data-[size=sm]:gap-2 data-[size=sm]:py-4 data-[size=sm]:has-data-[slot=card-footer]:pb-0 *:[img:first-child]:rounded-t-lg *:[img:last-child]:rounded-b-lg border border-border bg-card shadow-sm"[39m
      [33mdata-size[39m=[32m"default"[39m
      [33mdata-slot[39m=[32m"card"[39m
    [36m>[39m
      [36m<div[39m
        [33mclass[39m=[32m"group/card-header @container/card-header grid auto-rows-min items-start gap-1.5 px-5 group-data-[size=sm]/card:px-4 has-data-[slot=card-action]:grid-cols-[1fr_auto] has-data-[slot=card-description]:grid-rows-[auto_auto] [.border-b]:pb-4 group-data-[size=sm]/card:[.border-b]:pb-3"[39m
        [33mdata-slot[39m=[32m"card-header"[39m
      [36m>[39m
        [36m<div[39m
          [33mclass[39m=[32m"font-heading group-data-[size=sm]/card:text-sm text-xl font-bold"[39m
          [33mdata-slot[39m=[32m"card-title"[39m
        [36m>[39m
          [0mDeploy Source[0m
        [36m</div>[39m
        [36m<div[39m
          [33mclass[39m=[32m"text-sm/relaxed text-muted-foreground"[39m
          [33mdata-slot[39m=[32m"card-description"[39m
        [36m>[39m
          [0mChoose a pre-configured template to deploy instantly, or connect your GitHub account.[0m
        [36m</div>[39m
      [36m</div>[39m
      [36m<div[39m
        [33mclass[39m=[32m"px-5 group-data-[size=sm]/card:px-4 space-y-6"[39m
        [33mdata-slot[39m=[32m"card-content"[39m
      [36m>[39m
        [36m<div[39m
          [33mclass[39m=[32m"group/tabs flex gap-2 data-[orientation=horizontal]:flex-col w-full"[39m
          [33mdata-orientation[39m=[32m"horizontal"[39m
          [33mdata-slot[39m=[32m"tabs"[39m
          [33mdir[39m=[32m"ltr"[39m
        [36m>[39m
          [36m<div[39m
            [33maria-orientation[39m=[32m"horizontal"[39m
            [33mclass[39m=[32m"group/tabs-list items-center justify-center text-muted-foreground group-data-[orientation=horizontal]/tabs:h-8 group-data-[orientation=vertical]/tabs:h-fit group-data-[orientation=vertical]/tabs:flex-col data-[variant=line]:rounded-none grid w-full grid-cols-2 p-1 bg-muted/50 rounded-lg"[39m
            [33mdata-orientation[39m=[32m"horizontal"[39m
            [33mdata-slot[39m=[32m"tabs-list"[39m
            [33mdata-variant[39m=[32m"default"[39m
            [33mrole[39m=[32m"tablist"[39m
            [33mstyle[39m=[32m"outline-color: none; outline-style: none; outline-width: initial;"[39m
            [33mtabindex[39m=[32m"0"[39m
          [36m>[39m
            [36m<button[39m
              [33maria-controls[39m=[32m"radix-_r_o_-content-github"[39m
              [33maria-selected[39m=[32m"false"[39m
              [33mclass[39m=[32m"relative inline-flex h-[calc(100%-1px)] flex-1 items-center justify-center gap-1.5 border border-transparent px-1.5 whitespace-nowrap text-foreground/60 group-data-[orientation=vertical]/tabs:w-full group-data-[orientation=vertical]/tabs:justify-start group-data-[orientation=vertical]/tabs:py-[calc(--spacing(1.25))] hover:text-foreground focus-visible:border-ring focus-visible:ring-[3px] focus-visible:ring-ring/50 focus-visible:outline-1 focus-visible:outline-ring disabled:pointer-events-none disabled:opacity-50 has-data-[icon=inline-end]:pr-1 has-data-[icon=inline-start]:pl-1 dark:text-muted-foreground dark:hover:text-foreground [&_svg]:pointer-events-none [&_svg]:shrink-0 [&_svg:not([class*='size-'])]:size-4 group-data-[variant=line]/tabs-list:bg-transparent group-data-[variant=line]/tabs-list:data-[state=active]:bg-transparent dark:group-data-[variant=line]/tabs-list:data-[state=active]:border-transparent dark:group-data-[variant=line]/tabs-list:data-[state=active]:bg-transparent data-[state=active]:text-foreground dark:data-[state=active]:border-input dark:data-[state=active]:bg-input/30 dark:data-[state=active]:text-foreground after:absolute after:bg-foreground after:opacity-0 after:transition-opacity group-data-[orientation=horizontal]/tabs:after:inset-x-0 group-data-[orientation=horizontal]/tabs:after:bottom-[-5px] group-data-[orientation=horizontal]/tabs:after:h-0.5 group-data-[orientation=vertical]/tabs:after:inset-y-0 group-data-[orientation=vertical]/tabs:after:-right-1 group-data-[orientation=vertical]/tabs:after:w-0.5 group-data-[variant=line]/tabs-list:data-[state=active]:after:opacity-100 py-2.5 text-sm font-medium transition-all rounded-md data-[state=active]:bg-background data-[state=active]:shadow-sm"[39m
              [33mdata-orientation[39m=[32m"horizontal"[39m
              [33mdata-radix-collection-item[39m=[32m""[39m
              [33mdata-slot[39m=[32m"tabs-trigger"[39m
              [33mdata-state[39m=[32m"inactive"[39m
              [33mid[39m=[32m"radix-_r_o_-trigger-github"[39m
              [33mrole[39m=[32m"tab"[39m
              [33mtabindex[39m=[32m"-1"[39m
              [33mtype[39m=[32m"button"[39m
            [36m>[39m
              [36m<svg[39m
                [33mclass[39m=[32m"w-4 h-4 mr-2"[39m
                [33mfill[39m=[32m"currentColor"[39m
                [33mheight[39m=[32m"1em"[39m
                [33mviewBox[39m=[32m"0 0 256 256"[39m
                [33mwidth[39m=[32m"1em"[39m
                [33mxmlns[39m=[32m"http://www.w3.org/2000/svg"[39m
              [36m>[39m
                [36m<path[39m
                  [33md[39m=[32m"M208.31,75.68A59.78,59.78,0,0,0,202.93,28,8,8,0,0,0,196,24a59.75,59.75,0,0,0-48,24H124A59.75,59.75,0,0,0,76,24a8,8,0,0,0-6.93,4,59.78,59.78,0,0,0-5.38,47.68A58.14,58.14,0,0,0,56,104v8a56.06,56.06,0,0,0,48.44,55.47A39.8,39.8,0,0,0,96,192v8H72a24,24,0,0,1-24-24A40,40,0,0,0,8,136a8,8,0,0,0,0,16,24,24,0,0,1,24,24,40,40,0,0,0,40,40H96v16a8,8,0,0,0,16,0V192a24,24,0,0,1,48,0v40a8,8,0,0,0,16,0V192a39.8,39.8,0,0,0-8.44-24.53A56.06,56.06,0,0,0,216,112v-8A58.14,58.14,0,0,0,208.31,75.68ZM200,112a40,40,0,0,1-40,40H112a40,40,0,0,1-40-40v-8a41.74,41.74,0,0,1,6.9-22.48A8,8,0,0,0,80,73.83a43.81,43.81,0,0,1,.79-33.58,43.88,43.88,0,0,1,32.32,20.06A8,8,0,0,0,119.82,64h32.35a8,8,0,0,0,6.74-3.69,43.87,43.87,0,0,1,32.32-20.06A43.81,43.81,0,0,1,192,73.83a8.09,8.09,0,0,0,1,7.65A41.72,41.72,0,0,1,200,104Z"[39m
                [36m/>[39m
              [36m</svg>[39m
              [0mGitHub Repository[0m
            [36m</button>[39m
            [36m<button[39m
              [33maria-controls[39m=[32m"radix-_r_o_-content-template"[39m
              [33maria-selected[39m=[32m"true"[39m
              [33mclass[39m=[32m"relative inline-flex h-[calc(100%-1px)] flex-1 items-center justify-center gap-1.5 border border-transparent px-1.5 whitespace-nowrap text-foregrou...

Ignored nodes: comments, script, style
[36m<html>[39m
  [36m<head />[39m
  [36m<body>[39m
    [36m<div>[39m
      [36m<div[39m
        [33mclass[39m=[32m"group/card flex flex-col gap-4 overflow-hidden rounded-lg py-5 text-sm/relaxed text-card-foreground ring-1 ring-border has-data-[slot=card-footer]:pb-0 has-[>img:first-child]:pt-0 data-[size=sm]:gap-2 data-[size=sm]:py-4 data-[size=sm]:has-data-[slot=card-footer]:pb-0 *:[img:first-child]:rounded-t-lg *:[img:last-child]:rounded-b-lg border border-border bg-card shadow-sm"[39m
        [33mdata-size[39m=[32m"default"[39m
        [33mdata-slot[39m=[32m"card"[39m
      [36m>[39m
        [36m<div[39m
          [33mclass[39m=[32m"group/card-header @container/card-header grid auto-rows-min items-start gap-1.5 px-5 group-data-[size=sm]/card:px-4 has-data-[slot=card-action]:grid-cols-[1fr_auto] has-data-[slot=card-description]:grid-rows-[auto_auto] [.border-b]:pb-4 group-data-[size=sm]/card:[.border-b]:pb-3"[39m
          [33mdata-slot[39m=[32m"card-header"[39m
        [36m>[39m
          [36m<div[39m
            [33mclass[39m=[32m"font-heading group-data-[size=sm]/card:text-sm text-xl font-bold"[39m
            [33mdata-slot[39m=[32m"card-title"[39m
          [36m>[39m
            [0mDeploy Source[0m
          [36m</div>[39m
          [36m<div[39m
            [33mclass[39m=[32m"text-sm/relaxed text-muted-foreground"[39m
            [33mdata-slot[39m=[32m"card-description"[39m
          [36m>[39m
            [0mChoose a pre-configured template to deploy instantly, or connect your GitHub account.[0m
          [36m</div>[39m
        [36m</div>[39m
        [36m<div[39m
          [33mclass[39m=[32m"px-5 group-data-[size=sm]/card:px-4 space-y-6"[39m
          [33mdata-slot[39m=[32m"card-content"[39m
        [36m>[39m
          [36m<div[39m
            [33mclass[39m=[32m"group/tabs flex gap-2 data-[orientation=horizontal]:flex-col w-full"[39m
            [33mdata-orientation[39m=[32m"horizontal"[39m
            [33mdata-slot[39m=[32m"tabs"[39m
            [33mdir[39m=[32m"ltr"[39m
          [36m>[39m
            [36m<div[39m
              [33maria-orientation[39m=[32m"horizontal"[39m
              [33mclass[39m=[32m"group/tabs-list items-center justify-center text-muted-foreground group-data-[orientation=horizontal]/tabs:h-8 group-data-[orientation=vertical]/tabs:h-fit group-data-[orientation=vertical]/tabs:flex-col data-[variant=line]:rounded-none grid w-full grid-cols-2 p-1 bg-muted/50 rounded-lg"[39m
              [33mdata-orientation[39m=[32m"horizontal"[39m
              [33mdata-slot[39m=[32m"tabs-list"[39m
              [33mdata-variant[39m=[32m"default"[39m
              [33mrole[39m=[32m"tablist"[39m
              [33mstyle[39m=[32m"outline-color: none; outline-style: none; outline-width: initial;"[39m
              [33mtabindex[39m=[32m"0"[39m
            [36m>[39m
              [36m<button[39m
                [33maria-controls[39m=[32m"radix-_r_o_-content-github"[39m
                [33maria-selected[39m=[32m"false"[39m
                [33mclass[39m=[32m"relative inline-flex h-[calc(100%-1px)] flex-1 items-center justify-center gap-1.5 border border-transparent px-1.5 whitespace-nowrap text-foreground/60 group-data-[orientation=vertical]/tabs:w-full group-data-[orientation=vertical]/tabs:justify-start group-data-[orientation=vertical]/tabs:py-[calc(--spacing(1.25))] hover:text-foreground focus-visible:border-ring focus-visible:ring-[3px] focus-visible:ring-ring/50 focus-visible:outline-1 focus-visible:outline-ring disabled:pointer-events-none disabled:opacity-50 has-data-[icon=inline-end]:pr-1 has-data-[icon=inline-start]:pl-1 dark:text-muted-foreground dark:hover:text-foreground [&_svg]:pointer-events-none [&_svg]:shrink-0 [&_svg:not([class*='size-'])]:size-4 group-data-[variant=line]/tabs-list:bg-transparent group-data-[variant=line]/tabs-list:data-[state=active]:bg-transparent dark:group-data-[variant=line]/tabs-list:data-[state=active]:border-transparent dark:group-data-[variant=line]/tabs-list:data-[state=active]:bg-transparent data-[state=active]:text-foreground dark:data-[state=active]:border-input dark:data-[state=active]:bg-input/30 dark:data-[state=active]:text-foreground after:absolute after:bg-foreground after:opacity-0 after:transition-opacity group-data-[orientation=horizontal]/tabs:after:inset-x-0 group-data-[orientation=horizontal]/tabs:after:bottom-[-5px] group-data-[orientation=horizontal]/tabs:after:h-0.5 group-data-[orientation=vertical]/tabs:after:inset-y-0 group-data-[orientation=vertical]/tabs:after:-right-1 group-data-[orientation=vertical]/tabs:after:w-0.5 group-data-[variant=line]/tabs-list:data-[state=active]:after:opacity-100 py-2.5 text-sm font-medium transition-all rounded-md data-[state=active]:bg-background data-[state=active]:shadow-sm"[39m
                [33mdata-orientation[39m=[32m"horizontal"[39m
                [33mdata-radix-collection-item[39m=[32m""[39m
                [33mdata-slot[39m=[32m"tabs-trigger"[39m
                [33mdata-state[39m=[32m"inactive"[39m
                [33mid[39m=[32m"radix-_r_o_-trigger-github"[39m
                [33mrole[39m=[32m"tab"[39m
                [33mtabindex[39m=[32m"-1"[39m
                [33mtype[39m=[32m"button"[39m
              [36m>[39m
                [36m<svg[39m
                  [33mclass[39m=[32m"w-4 h-4 mr-2"[39m
                  [33mfill[39m=[32m"currentColor"[39m
                  [33mheight[39m=[32m"1em"[39m
                  [33mviewBox[39m=[32m"0 0 256 256"[39m
                  [33mwidth[39m=[32m"1em"[39m
                  [33mxmlns[39m=[32m"http://www.w3.org/2000/svg"[39m
                [36m>[39m
                  [36m<path[39m
                    [33md[39m=[32m"M208.31,75.68A59.78,59.78,0,0,0,202.93,28,8,8,0,0,0,196,24a59.75,59.75,0,0,0-48,24H124A59.75,59.75,0,0,0,76,24a8,8,0,0,0-6.93,4,59.78,59.78,0,0,0-5.38,47.68A58.14,58.14,0,0,0,56,104v8a56.06,56.06,0,0,0,48.44,55.47A39.8,39.8,0,0,0,96,192v8H72a24,24,0,0,1-24-24A40,40,0,0,0,8,136a8,8,0,0,0,0,16,24,24,0,0,1,24,24,40,40,0,0,0,40,40H96v16a8,8,0,0,0,16,0V192a24,24,0,0,1,48,0v40a8,8,0,0,0,16,0V192a39.8,39.8,0,0,0-8.44-24.53A56.06,56.06,0,0,0,216,112v-8A58.14,58.14,0,0,0,208.31,75.68ZM200,112a40,40,0,0,1-40,40H112a40,40,0,0,1-40-40v-8a41.74,41.74,0,0,1,6.9-22.48A8,8,0,0,0,80,73.83a43.81,43.81,0,0,1,.79-33.58,43.88,43.88,0,0,1,32.32,20.06A8,8,0,0,0,119.82,64h32.35a8,8,0,0,0,6.74-3.69,43.87,43.87,0,0,1,32.32-20.06A43.81,43.81,0,0,1,192,73.83a8.09,8.09,0,0,0,1,7.65A41.72,41.72,0,0,1,200,104Z"[39m
                  [36m/>[39m
                [36m</svg>[39m
                [0mGitHub Repository[0m
              [36m</button>[39m
              [36m<button[39m
                [33maria-controls[39m=[32m"radix-_r_o_-content-template"[39m
                [33maria-selected[39m=[32m"true"[3...
      at waitForWrapper (/Users/juniyadi/github-yadi/projects-green/node_modules/@testing-library/dom/dist/wait-for.js:163:31)
      at /Users/juniyadi/github-yadi/projects-green/modules/deploy/ui/step-source.test.tsx:184:11
(fail) StepSource > supports template tab selection, searching, and filtering [1015.06ms]

 7 pass
 1 fail
 18 expect() calls
Ran 8 tests across 1 file. [1.61s]
